python : C:\Users\harsh\AppDa
ta\Roaming\Python\Python310\s
ite-packages\google\api_core\
_python_version_support.py:26
6: FutureWarning: You are 
using a Python version 
(3.10.9) which Google will 
stop supporting in new 
releases of google.api_core 
once it reaches its end of 
life (2026-10-04). Please 
upgrade to the latest Python 
version, or at least Python 
3.11, to continue receiving 
updates for google.api_core 
past that date.
At line:1 char:1
+ python test_nl_query.py > 
test_output.txt 2>&1
+ ~~~~~~~~~~~~~~~~~~~~~~~~~~~
~~~~~~~~~~~~~~~~~~~
    + CategoryInfo           
   : NotSpecified: (C:\User  
  s\harsh\...past that dat   
 e.:String) [], RemoteExc    
eption
    + FullyQualifiedErrorId  
   : NativeCommandError
 
  warnings.warn(message, 
FutureWarning)
============================================================
MULTI-AGENT TOURISM SYSTEM - NL QUERY TEST
============================================================

Testing with query: plan my trip to ballari and what is the temperature

DEBUG: GeminiAgent initialized. API Key present: True
DEBUG: Gemini model configured successfully.
Processing your request...
DEBUG: Extracting intent from query: plan my trip to ballari and what is the temperature
Error extracting intent: 404 models/gemini-pro is not found for API version v1beta, or is not supported for generateContent. Call ListModels to see the list of available models and their supported methods.
DEBUG: Extracted place 'ballari and what is the temperature' from query 'plan my trip to ballari and what is the temperature'
I don't know this place.
